// Jest Snapshot v1, https://goo.gl/fbAQLP

exports[`Should render Error correctly 1`] = `
<header
  className="header"
>
  <div
    className="container"
  >
    <div
      className="header__wrapper"
    >
      <div
        className="header__left"
      >
        <a
          className="header__logo-link header__logo-link--active"
        >
          <img
            alt="6 cities logo"
            className="header__logo"
            height="41"
            src="img/logo.svg"
            width="81"
          />
        </a>
      </div>
    </div>
    <h1>
      Error
    </h1>
    <p>
      Server error has occurred
    </p>
  </div>
</header>
`;
